### blogcheck zh-1440 (1440x900 normal)
{
 "consoleErrors": [],
 "probeError": null
}
{"lang":"zh-Hant-TW","pageOverflowPx":0,"bleed":[],"scrollables":[],"wrongLangLinks":["/en/blog"],"cards":2,"chips":["全部","AI 導入","客戶經營","流程自動化"],"filterWorks":{"afterTagClick":2,"afterAll":2,"ok":true},"h1":{"text":"觀點","lines":1,"fontSize":"56px"},"articleBlocks":null,"imgs":2,"brokenImgs":[],"hreflang":["zh-Hant=https://www.peakqi.com/blog","en=https://www.peakqi.com/en/blog","x-default=https://www.peakqi.com/blog"],"langSwitch":"EN→/en/blog"}
### blogcheck zh-1904 (1904x907 normal)
{
 "consoleErrors": [],
 "probeError": null
}
{"lang":"zh-Hant-TW","pageOverflowPx":0,"bleed":[],"scrollables":[],"wrongLangLinks":["/en/blog"],"cards":2,"chips":["全部","AI 導入","客戶經營","流程自動化"],"filterWorks":{"afterTagClick":2,"afterAll":2,"ok":true},"h1":{"text":"觀點","lines":1,"fontSize":"56px"},"articleBlocks":null,"imgs":2,"brokenImgs":[],"hreflang":["zh-Hant=https://www.peakqi.com/blog","en=https://www.peakqi.com/en/blog","x-default=https://www.peakqi.com/blog"],"langSwitch":"EN→/en/blog"}
### blogcheck zh-390 (390x844 normal)
{
 "consoleErrors": [],
 "probeError": null
}
{"lang":"zh-Hant-TW","pageOverflowPx":0,"bleed":[],"scrollables":[],"wrongLangLinks":["/en/blog"],"cards":2,"chips":["全部","AI 導入","客戶經營","流程自動化"],"filterWorks":{"afterTagClick":2,"afterAll":2,"ok":true},"h1":{"text":"觀點","lines":1,"fontSize":"32.8px"},"articleBlocks":null,"imgs":2,"brokenImgs":[],"hreflang":["zh-Hant=https://www.peakqi.com/blog","en=https://www.peakqi.com/en/blog","x-default=https://www.peakqi.com/blog"],"langSwitch":"EN→/en/blog"}
### blogcheck zh-320 (320x568 normal)
{
 "consoleErrors": [],
 "probeError": null
}
{"lang":"zh-Hant-TW","pageOverflowPx":0,"bleed":[],"scrollables":[],"wrongLangLinks":["/en/blog"],"cards":2,"chips":["全部","AI 導入","客戶經營","流程自動化"],"filterWorks":{"afterTagClick":2,"afterAll":2,"ok":true},"h1":{"text":"觀點","lines":1,"fontSize":"28.8px"},"articleBlocks":null,"imgs":2,"brokenImgs":[],"hreflang":["zh-Hant=https://www.peakqi.com/blog","en=https://www.peakqi.com/en/blog","x-default=https://www.peakqi.com/blog"],"langSwitch":"EN→/en/blog"}
### blogcheck zh-rm1440 (1440x900 reduced)
{
 "consoleErrors": [],
 "probeError": null
}
{"lang":"zh-Hant-TW","pageOverflowPx":0,"bleed":[],"scrollables":[],"wrongLangLinks":["/en/blog"],"cards":2,"chips":["全部","AI 導入","客戶經營","流程自動化"],"filterWorks":{"afterTagClick":2,"afterAll":2,"ok":true},"h1":{"text":"觀點","lines":1,"fontSize":"56px"},"articleBlocks":null,"imgs":2,"brokenImgs":[],"hreflang":["zh-Hant=https://www.peakqi.com/blog","en=https://www.peakqi.com/en/blog","x-default=https://www.peakqi.com/blog"],"langSwitch":"EN→/en/blog"}
### blogcheck zh-rm390 (390x844 reduced)
{
 "consoleErrors": [],
 "probeError": null
}
{"lang":"zh-Hant-TW","pageOverflowPx":0,"bleed":[],"scrollables":[],"wrongLangLinks":["/en/blog"],"cards":2,"chips":["全部","AI 導入","客戶經營","流程自動化"],"filterWorks":{"afterTagClick":2,"afterAll":2,"ok":true},"h1":{"text":"觀點","lines":1,"fontSize":"32.8px"},"articleBlocks":null,"imgs":2,"brokenImgs":[],"hreflang":["zh-Hant=https://www.peakqi.com/blog","en=https://www.peakqi.com/en/blog","x-default=https://www.peakqi.com/blog"],"langSwitch":"EN→/en/blog"}
### blogcheck en-1440 (1440x900 normal)
{
 "consoleErrors": [],
 "probeError": null
}
{"lang":"en","pageOverflowPx":0,"bleed":[],"scrollables":[],"wrongLangLinks":["/blog"],"cards":1,"chips":["All","AI adoption","Customer ops"],"filterWorks":{"afterTagClick":1,"afterAll":1,"ok":true},"h1":{"text":"Insights","lines":1,"fontSize":"56px"},"articleBlocks":null,"imgs":2,"brokenImgs":[],"hreflang":["zh-Hant=https://www.peakqi.com/blog","en=https://www.peakqi.com/en/blog","x-default=https://www.peakqi.com/blog"],"langSwitch":"中文→/blog"}
### blogcheck en-1904 (1904x907 normal)
{
 "consoleErrors": [],
 "probeError": null
}
{"lang":"en","pageOverflowPx":0,"bleed":[],"scrollables":[],"wrongLangLinks":["/blog"],"cards":1,"chips":["All","AI adoption","Customer ops"],"filterWorks":{"afterTagClick":1,"afterAll":1,"ok":true},"h1":{"text":"Insights","lines":1,"fontSize":"56px"},"articleBlocks":null,"imgs":2,"brokenImgs":[],"hreflang":["zh-Hant=https://www.peakqi.com/blog","en=https://www.peakqi.com/en/blog","x-default=https://www.peakqi.com/blog"],"langSwitch":"中文→/blog"}
### blogcheck en-390 (390x844 normal)
{
 "consoleErrors": [],
 "probeError": null
}
{"lang":"en","pageOverflowPx":0,"bleed":[],"scrollables":[],"wrongLangLinks":["/blog"],"cards":1,"chips":["All","AI adoption","Customer ops"],"filterWorks":{"afterTagClick":1,"afterAll":1,"ok":true},"h1":{"text":"Insights","lines":1,"fontSize":"32.8px"},"articleBlocks":null,"imgs":2,"brokenImgs":[],"hreflang":["zh-Hant=https://www.peakqi.com/blog","en=https://www.peakqi.com/en/blog","x-default=https://www.peakqi.com/blog"],"langSwitch":"中文→/blog"}
### blogcheck en-320 (320x568 normal)
{
 "consoleErrors": [],
 "probeError": null
}
{"lang":"en","pageOverflowPx":0,"bleed":[],"scrollables":[],"wrongLangLinks":["/blog"],"cards":1,"chips":["All","AI adoption","Customer ops"],"filterWorks":{"afterTagClick":1,"afterAll":1,"ok":true},"h1":{"text":"Insights","lines":1,"fontSize":"28.8px"},"articleBlocks":null,"imgs":2,"brokenImgs":[],"hreflang":["zh-Hant=https://www.peakqi.com/blog","en=https://www.peakqi.com/en/blog","x-default=https://www.peakqi.com/blog"],"langSwitch":"中文→/blog"}
### blogcheck en-rm1440 (1440x900 reduced)
{
 "consoleErrors": [],
 "probeError": null
}
{"lang":"en","pageOverflowPx":0,"bleed":[],"scrollables":[],"wrongLangLinks":["/blog"],"cards":1,"chips":["All","AI adoption","Customer ops"],"filterWorks":{"afterTagClick":1,"afterAll":1,"ok":true},"h1":{"text":"Insights","lines":1,"fontSize":"56px"},"articleBlocks":null,"imgs":2,"brokenImgs":[],"hreflang":["zh-Hant=https://www.peakqi.com/blog","en=https://www.peakqi.com/en/blog","x-default=https://www.peakqi.com/blog"],"langSwitch":"中文→/blog"}
### blogcheck en-rm390 (390x844 reduced)
{
 "consoleErrors": [],
 "probeError": null
}
{"lang":"en","pageOverflowPx":0,"bleed":[],"scrollables":[],"wrongLangLinks":["/blog"],"cards":1,"chips":["All","AI adoption","Customer ops"],"filterWorks":{"afterTagClick":1,"afterAll":1,"ok":true},"h1":{"text":"Insights","lines":1,"fontSize":"32.8px"},"articleBlocks":null,"imgs":2,"brokenImgs":[],"hreflang":["zh-Hant=https://www.peakqi.com/blog","en=https://www.peakqi.com/en/blog","x-default=https://www.peakqi.com/blog"],"langSwitch":"中文→/blog"}
### skyplay zh-1440 (1440x900 normal)
{
 "consoleErrors": [],
 "probeError": null
}
{"canvasPx":"1440x832","orangeBefore":27,"orangeAfterTaps":242,"litUp":true,"dragIgnored":true,"heroH":832,"overflow":0}
### skyplay zh-1904 (1904x907 normal)
{
 "consoleErrors": [],
 "probeError": null
}
{"canvasPx":"1904x839","orangeBefore":27,"orangeAfterTaps":312,"litUp":true,"dragIgnored":true,"heroH":839,"overflow":0}
### skyplay zh-390 (390x844 normal)
{
 "consoleErrors": [],
 "probeError": null
}
{"canvasPx":"390x776","orangeBefore":15,"orangeAfterTaps":228,"litUp":true,"dragIgnored":true,"heroH":776,"overflow":0}
### skyplay zh-320 (320x568 normal)
{
 "consoleErrors": [],
 "probeError": null
}
{"canvasPx":"320x500","orangeBefore":7,"orangeAfterTaps":209,"litUp":true,"dragIgnored":true,"heroH":500,"overflow":0}
### skyplay zh-rm1440 (1440x900 reduced)
{
 "consoleErrors": [],
 "probeError": null
}
{"canvasPx":"1440x832","orangeBefore":28,"orangeAfterTaps":234,"litUp":true,"dragIgnored":true,"heroH":832,"overflow":0}
### skyplay en-1440 (1440x900 normal)
{
 "consoleErrors": [],
 "probeError": null
}
{"canvasPx":"1440x832","orangeBefore":29,"orangeAfterTaps":251,"litUp":true,"dragIgnored":true,"heroH":832,"overflow":0}
### skyplay en-390 (390x844 normal)
{
 "consoleErrors": [],
 "probeError": null
}
{"canvasPx":"390x776","orangeBefore":16,"orangeAfterTaps":202,"litUp":true,"dragIgnored":true,"heroH":776,"overflow":0}
### skyplay en-320 (320x568 normal)
{
 "consoleErrors": [],
 "probeError": null
}
{"canvasPx":"320x500","orangeBefore":7,"orangeAfterTaps":239,"litUp":true,"dragIgnored":true,"heroH":500,"overflow":0}
### skyplay en-rm1440 (1440x900 reduced)
{
 "consoleErrors": [],
 "probeError": null
}
{"canvasPx":"1440x832","orangeBefore":28,"orangeAfterTaps":254,"litUp":true,"dragIgnored":true,"heroH":832,"overflow":0}
