== Bubble W=320 sp=0 ==
{
 "consoleErrors": [],
 "probeError": null
}
{
 "url": "/Bubble.dc.html",
 "sp": 0,
 "vw": 320,
 "overflowX": 0,
 "problems": 0,
 "list": []
}
== Bubble W=320 sp=0.4 ==
{
 "consoleErrors": [],
 "probeError": null
}
{
 "url": "/Bubble.dc.html",
 "sp": 0.4,
 "vw": 320,
 "overflowX": 0,
 "problems": 0,
 "list": []
}
== Bubble W=320 sp=0.8 ==
{
 "consoleErrors": [],
 "probeError": null
}
{
 "url": "/Bubble.dc.html",
 "sp": 0.8,
 "vw": 320,
 "overflowX": 0,
 "problems": 0,
 "list": []
}
== Bubble W=375 sp=0 ==
{
 "consoleErrors": [],
 "probeError": null
}
{
 "url": "/Bubble.dc.html",
 "sp": 0,
 "vw": 375,
 "overflowX": 0,
 "problems": 0,
 "list": []
}
== Bubble W=375 sp=0.4 ==
{
 "consoleErrors": [],
 "probeError": null
}
{
 "url": "/Bubble.dc.html",
 "sp": 0.4,
 "vw": 375,
 "overflowX": 0,
 "problems": 0,
 "list": []
}
== Bubble W=375 sp=0.8 ==
{
 "consoleErrors": [],
 "probeError": null
}
{
 "url": "/Bubble.dc.html",
 "sp": 0.8,
 "vw": 375,
 "overflowX": 0,
 "problems": 0,
 "list": []
}
== Bubble W=390 sp=0 ==
{
 "consoleErrors": [
  "log: Failed to load resource: net::ERR_CONNECTION_REFUSED <http://127.0.0.1:8000/analytics.js>"
 ],
 "probeError": null
}
{
 "url": "/Bubble.dc.html",
 "sp": 0,
 "vw": 390,
 "overflowX": 0,
 "problems": 0,
 "list": []
}
== Bubble W=390 sp=0.4 ==
{
 "consoleErrors": [],
 "probeError": "TypeError: Cannot read properties of null (reading 'scrollHeight')\n    at <anonymous>:2:52\n    at <anonymous>:57:5"
}
{}
== Bubble W=390 sp=0.8 ==
{
 "consoleErrors": [],
 "probeError": null
}
{
 "url": "/Bubble.dc.html",
 "sp": 0.8,
 "vw": 390,
 "overflowX": 0,
 "problems": 0,
 "list": []
}
== Bubble W=1440 sp=0 ==
{
 "consoleErrors": [],
 "probeError": null
}
{
 "url": "/Bubble.dc.html",
 "sp": 0,
 "vw": 1440,
 "overflowX": 0,
 "problems": 0,
 "list": []
}
== Bubble W=1440 sp=0.4 ==
{
 "consoleErrors": [],
 "probeError": null
}
{
 "url": "/Bubble.dc.html",
 "sp": 0.4,
 "vw": 1440,
 "overflowX": 0,
 "problems": 0,
 "list": []
}
== Bubble W=1440 sp=0.8 ==
{
 "consoleErrors": [],
 "probeError": null
}
{
 "url": "/Bubble.dc.html",
 "sp": 0.8,
 "vw": 1440,
 "overflowX": 0,
 "problems": 0,
 "list": []
}
