=== w=320 sp=0 ===
{
 "consoleErrors": [],
 "probeError": null
}
{
 "url": "/Home.dc.html",
 "sp": 0,
 "vw": 320,
 "overflowX": 0,
 "problems": 0,
 "list": []
}
=== w=320 sp=0.4 ===
{
 "consoleErrors": [],
 "probeError": null
}
{
 "url": "/Home.dc.html",
 "sp": 0.4,
 "vw": 320,
 "overflowX": 0,
 "problems": 0,
 "list": []
}
=== w=320 sp=0.8 ===
{
 "consoleErrors": [],
 "probeError": null
}
{
 "url": "/Home.dc.html",
 "sp": 0.8,
 "vw": 320,
 "overflowX": 0,
 "problems": 0,
 "list": []
}
=== w=375 sp=0 ===
{
 "consoleErrors": [],
 "probeError": null
}
{
 "url": "/Home.dc.html",
 "sp": 0,
 "vw": 375,
 "overflowX": 0,
 "problems": 0,
 "list": []
}
=== w=375 sp=0.4 ===
{
 "consoleErrors": [],
 "probeError": null
}
{
 "url": "/Home.dc.html",
 "sp": 0.4,
 "vw": 375,
 "overflowX": 0,
 "problems": 0,
 "list": []
}
=== w=375 sp=0.8 ===
{
 "consoleErrors": [],
 "probeError": null
}
{
 "url": "/Home.dc.html",
 "sp": 0.8,
 "vw": 375,
 "overflowX": 0,
 "problems": 0,
 "list": []
}
=== w=390 sp=0 ===
{
 "consoleErrors": [],
 "probeError": null
}
{
 "url": "/Home.dc.html",
 "sp": 0,
 "vw": 390,
 "overflowX": 0,
 "problems": 0,
 "list": []
}
=== w=390 sp=0.4 ===
{
 "consoleErrors": [
  "log: Failed to load resource: net::ERR_CONNECTION_REFUSED <http://127.0.0.1:8000/assets/shots/shot-02.mp4>",
  "log: Failed to load resource: net::ERR_CONNECTION_REFUSED <http://127.0.0.1:8000/assets/shots/shot-03.mp4>"
 ],
 "probeError": null
}
{
 "url": "/Home.dc.html",
 "sp": 0.4,
 "vw": 390,
 "overflowX": 0,
 "problems": 0,
 "list": []
}
=== w=390 sp=0.8 ===
{
 "consoleErrors": [],
 "probeError": null
}
{
 "url": "/Home.dc.html",
 "sp": 0.8,
 "vw": 390,
 "overflowX": 0,
 "problems": 0,
 "list": []
}
=== w=1440 sp=0 ===
{
 "consoleErrors": [],
 "probeError": null
}
{
 "url": "/Home.dc.html",
 "sp": 0,
 "vw": 1440,
 "overflowX": 0,
 "problems": 0,
 "list": []
}
=== w=1440 sp=0.4 ===
{
 "consoleErrors": [],
 "probeError": null
}
{
 "url": "/Home.dc.html",
 "sp": 0.4,
 "vw": 1440,
 "overflowX": 0,
 "problems": 1,
 "list": [
  {
   "tag": "H3",
   "txt": "每一次完成，都留成判斷",
   "chars": 11,
   "lines": 2,
   "fsPx": 40,
   "orphan": true,
   "tooMany": false,
   "pxDeclared": false,
   "style": ""
  }
 ]
}
=== w=1440 sp=0.8 ===
{
 "consoleErrors": [],
 "probeError": null
}
{
 "url": "/Home.dc.html",
 "sp": 0.8,
 "vw": 1440,
 "overflowX": 0,
 "problems": 0,
 "list": []
}
