== w=320 sp=0 ==
{
 "consoleErrors": [],
 "probeError": null
}
{
 "url": "/PeakOps.dc.html",
 "sp": 0,
 "vw": 320,
 "overflowX": 0,
 "problems": 0,
 "list": []
}
== w=320 sp=0.4 ==
{
 "consoleErrors": [],
 "probeError": null
}
{
 "url": "/PeakOps.dc.html",
 "sp": 0.4,
 "vw": 320,
 "overflowX": 0,
 "problems": 0,
 "list": []
}
== w=320 sp=0.8 ==
{
 "consoleErrors": [],
 "probeError": null
}
{
 "url": "/PeakOps.dc.html",
 "sp": 0.8,
 "vw": 320,
 "overflowX": 0,
 "problems": 0,
 "list": []
}
== w=375 sp=0 ==
{
 "consoleErrors": [],
 "probeError": null
}
{
 "url": "/PeakOps.dc.html",
 "sp": 0,
 "vw": 375,
 "overflowX": 0,
 "problems": 0,
 "list": []
}
== w=375 sp=0.4 ==
{
 "consoleErrors": [],
 "probeError": null
}
{
 "url": "/PeakOps.dc.html",
 "sp": 0.4,
 "vw": 375,
 "overflowX": 0,
 "problems": 0,
 "list": []
}
== w=375 sp=0.8 ==
{
 "consoleErrors": [],
 "probeError": null
}
{
 "url": "/PeakOps.dc.html",
 "sp": 0.8,
 "vw": 375,
 "overflowX": 0,
 "problems": 0,
 "list": []
}
== w=390 sp=0 ==
{
 "consoleErrors": [],
 "probeError": null
}
{
 "url": "/PeakOps.dc.html",
 "sp": 0,
 "vw": 390,
 "overflowX": 0,
 "problems": 0,
 "list": []
}
== w=390 sp=0.4 ==
{
 "consoleErrors": [],
 "probeError": null
}
{
 "url": "/PeakOps.dc.html",
 "sp": 0.4,
 "vw": 390,
 "overflowX": 0,
 "problems": 0,
 "list": []
}
== w=390 sp=0.8 ==
{
 "consoleErrors": [],
 "probeError": null
}
{
 "url": "/PeakOps.dc.html",
 "sp": 0.8,
 "vw": 390,
 "overflowX": 0,
 "problems": 0,
 "list": []
}
== w=1440 sp=0 ==
{
 "consoleErrors": [],
 "probeError": null
}
{
 "url": "/PeakOps.dc.html",
 "sp": 0,
 "vw": 1440,
 "overflowX": 0,
 "problems": 0,
 "list": []
}
== w=1440 sp=0.4 ==
{
 "consoleErrors": [],
 "probeError": null
}
{
 "url": "/PeakOps.dc.html",
 "sp": 0.4,
 "vw": 1440,
 "overflowX": 0,
 "problems": 0,
 "list": []
}
== w=1440 sp=0.8 ==
{
 "consoleErrors": [],
 "probeError": null
}
{
 "url": "/PeakOps.dc.html",
 "sp": 0.8,
 "vw": 1440,
 "overflowX": 0,
 "problems": 0,
 "list": []
}
